
🔥 V45: Final Weight Re-Optimization for V43 Feature Baseline
✅ Men's 학습 피처: 36개 | Women's 학습 피처: 35개

🚀 V43 피처 환경에서 새로운 황금 가중치 탐색 중...
| Year | Men's Brier | Women's Brier | Total Weighted Brier | [Cat, XGB, LGB, Elo] Weights |
| 2012 | M: 0.1419 | W: 0.0987 | Total: 0.1213 | M:[0.07, 0.65, 0.28, 0.00] W:[0.43, 0.57, 0.00, 0.00] |
| 2013 | M: 0.1676 | W: 0.1160 | Total: 0.1426 | M:[0.00, 1.00, 0.00, 0.00] W:[0.23, 0.61, 0.00, 0.17] |
| 2014 | M: 0.1559 | W: 0.0991 | Total: 0.1283 | M:[0.81, 0.01, 0.00, 0.19] W:[0.00, 0.69, 0.31, 0.00] |
| 2015 | M: 0.1377 | W: 0.0904 | Total: 0.1148 | M:[0.93, 0.00, 0.00, 0.07] W:[1.00, 0.00, 0.00, 0.00] |
| 2016 | M: 0.1493 | W: 0.1214 | Total: 0.1361 | M:[0.63, 0.00, 0.00, 0.37] W:[0.93, 0.00, 0.00, 0.07] |
| 2017 | M: 0.1401 | W: 0.0874 | Total: 0.1145 | M:[0.00, 0.00, 0.83, 0.17] W:[1.00, 0.00, 0.00, 0.00] |
| 2018 | M: 0.1572 | W: 0.1141 | Total: 0.1363 | M:[0.01, 0.99, 0.00, 0.00] W:[0.00, 0.80, 0.00, 0.20] |
| 2019 | M: 0.1337 | W: 0.1171 | Total: 0.1257 | M:[0.51, 0.00, 0.49, 0.00] W:[0.59, 0.14, 0.20, 0.07] |
| 2021 | M: 0.1717 | W: 0.1168 | Total: 0.1449 | M:[0.46, 0.31, 0.00, 0.23] W:[0.86, 0.00, 0.00, 0.14] |
| 2022 | M: 0.1920 | W: 0.1368 | Total: 0.1646 | M:[0.54, 0.00, 0.00, 0.46] W:[0.10, 0.69, 0.00, 0.22] |
| 2023 | M: 0.1736 | W: 0.1537 | Total: 0.1639 | M:[0.25, 0.00, 0.57, 0.18] W:[0.00, 0.39, 0.00, 0.61] |
| 2024 | M: 0.1605 | W: 0.1118 | Total: 0.1362 | M:[0.00, 0.95, 0.00, 0.05] W:[0.09, 0.00, 0.87, 0.04] |
| 2025 | M: 0.1241 | W: 0.0849 | Total: 0.1045 | M:[0.00, 1.00, 0.00, 0.00] W:[0.00, 1.00, 0.00, 0.00] |
------------------------------------------------------------------------------------------------------------------------
🎯 연속 성능 증진 V45 (Final Weight Optimization) 평균 Brier Score: 0.13336
💡 Men's 새로운 황금 블렌딩 비율   : CatBoost 0.324, XGBoost 0.377, LightGBM 0.167, Elo 0.132
💡 Women's 새로운 황금 블렌딩 비율 : CatBoost 0.402, XGBoost 0.376, LightGBM 0.106, Elo 0.116
⏱️ 총 소요 시간: 3.0분
------------------------------------------------------------------------------------------------------------------------
