
🔥 V38: Hyperparameter Fine-Tuning for 0.12 Target
✅ Men's 학습 피처 개수: 41

🚀 분리 학습 진행 중... (연속 모드)
| Year | Men's Brier | Women's Brier | Total Weighted Brier |
| 2013 | M: 0.1643 | W: 0.1286 | Total: 0.1470 |
| 2014 | M: 0.1575 | W: 0.1130 | Total: 0.1359 |
| 2015 | M: 0.1509 | W: 0.0866 | Total: 0.1197 |
| 2016 | M: 0.1702 | W: 0.1106 | Total: 0.1420 |
| 2017 | M: 0.1540 | W: 0.0969 | Total: 0.1264 |
| 2018 | M: 0.1712 | W: 0.1113 | Total: 0.1422 |
| 2019 | M: 0.1628 | W: 0.1194 | Total: 0.1418 |
| 2021 | M: 0.1488 | W: 0.1085 | Total: 0.1291 |
| 2022 | M: 0.1941 | W: 0.1302 | Total: 0.1624 |
| 2023 | M: 0.2003 | W: 0.1738 | Total: 0.1874 |
| 2024 | M: 0.1686 | W: 0.1119 | Total: 0.1403 |
| 2025 | M: 0.1375 | W: 0.0854 | Total: 0.1114 |
----------------------------------------------------------------------------------------------------
🎯 연속 성능 증진 V38 (0.12 Target Tuning) 평균 Brier Score: 0.14047
⏱️ 총 소요 시간: 2.3분
----------------------------------------------------------------------------------------------------
