
🔥 V40: Data Expansion (Leave-One-Season-Out Integration)
✅ Men's 학습 피처 개수: 41

🚀 전체 년도 대상 볼륨 학습 진행 중... (연속 모드)
| Year | Men's Brier | Women's Brier | Total Weighted Brier |
| 2013 | M: 0.1601 | W: 0.1182 | Total: 0.1398 |
| 2014 | M: 0.1511 | W: 0.0926 | Total: 0.1228 |
| 2015 | M: 0.1341 | W: 0.0885 | Total: 0.1120 |
| 2016 | M: 0.1593 | W: 0.1198 | Total: 0.1406 |
| 2017 | M: 0.1336 | W: 0.0891 | Total: 0.1120 |
| 2018 | M: 0.1648 | W: 0.1231 | Total: 0.1446 |
| 2019 | M: 0.1328 | W: 0.1228 | Total: 0.1280 |
| 2021 | M: 0.1604 | W: 0.0999 | Total: 0.1309 |
| 2022 | M: 0.1956 | W: 0.1330 | Total: 0.1645 |
| 2023 | M: 0.1863 | W: 0.1510 | Total: 0.1692 |
| 2024 | M: 0.1632 | W: 0.1083 | Total: 0.1358 |
| 2025 | M: 0.1242 | W: 0.0981 | Total: 0.1111 |
----------------------------------------------------------------------------------------------------
🎯 연속 성능 증진 V40 (Data Expansion Target 0.12) 평균 Brier Score: 0.13427
⏱️ 총 소요 시간: 2.8분
----------------------------------------------------------------------------------------------------
