
🔥 V25: Dynamic Stacking Ensemble (Level-1: Cat/XGB/LGB -> Level-2: LogReg)

🚀 총 45개 피처로 2013-2025 크로스 밸리데이션(OOF 스태킹) 시작...
| Year | Cat | XGB | LGB | Stack | Calib |

📅 [시즌 2013] 검증 시작...
   - Level-1 OOF 예측 생성 중 (5-Fold)...
   - Level-1 전체 재학습 & Valid 예측 중...
   - Level-2 메타 모델 학습 중...
| 2013 | 0.1878 | 0.1838 | 0.1889 | 0.2470 | 0.1788 |

📅 [시즌 2014] 검증 시작...
   - Level-1 OOF 예측 생성 중 (5-Fold)...
   - Level-1 전체 재학습 & Valid 예측 중...
   - Level-2 메타 모델 학습 중...
| 2014 | 0.1805 | 0.1725 | 0.1715 | 0.2341 | 0.1751 |

📅 [시즌 2015] 검증 시작...
   - Level-1 OOF 예측 생성 중 (5-Fold)...
   - Level-1 전체 재학습 & Valid 예측 중...
   - Level-2 메타 모델 학습 중...
| 2015 | 0.1394 | 0.1478 | 0.1459 | 0.1794 | 0.1387 |

📅 [시즌 2016] 검증 시작...
   - Level-1 OOF 예측 생성 중 (5-Fold)...
   - Level-1 전체 재학습 & Valid 예측 중...
   - Level-2 메타 모델 학습 중...
| 2016 | 0.1820 | 0.1771 | 0.1821 | 0.2418 | 0.1743 |

📅 [시즌 2017] 검증 시작...
   - Level-1 OOF 예측 생성 중 (5-Fold)...
   - Level-1 전체 재학습 & Valid 예측 중...
   - Level-2 메타 모델 학습 중...
| 2017 | 0.1506 | 0.1536 | 0.1611 | 0.1903 | 0.1457 |

📅 [시즌 2018] 검증 시작...
   - Level-1 OOF 예측 생성 중 (5-Fold)...
   - Level-1 전체 재학습 & Valid 예측 중...
   - Level-2 메타 모델 학습 중...
| 2018 | 0.1718 | 0.1770 | 0.1697 | 0.1981 | 0.1545 |

📅 [시즌 2019] 검증 시작...
   - Level-1 OOF 예측 생성 중 (5-Fold)...
   - Level-1 전체 재학습 & Valid 예측 중...
   - Level-2 메타 모델 학습 중...
| 2019 | 0.1696 | 0.1627 | 0.1567 | 0.1982 | 0.1545 |

📅 [시즌 2021] 검증 시작...
   - Level-1 OOF 예측 생성 중 (5-Fold)...
   - Level-1 전체 재학습 & Valid 예측 중...
   - Level-2 메타 모델 학습 중...
| 2021 | 0.1786 | 0.1747 | 0.1734 | 0.2166 | 0.1540 |

📅 [시즌 2022] 검증 시작...
   - Level-1 OOF 예측 생성 중 (5-Fold)...
   - Level-1 전체 재학습 & Valid 예측 중...
   - Level-2 메타 모델 학습 중...
| 2022 | 0.2031 | 0.1904 | 0.1888 | 0.2358 | 0.1830 |

📅 [시즌 2023] 검증 시작...
   - Level-1 OOF 예측 생성 중 (5-Fold)...
   - Level-1 전체 재학습 & Valid 예측 중...
   - Level-2 메타 모델 학습 중...
| 2023 | 0.2217 | 0.2136 | 0.2165 | 0.2725 | 0.2065 |

📅 [시즌 2024] 검증 시작...
   - Level-1 OOF 예측 생성 중 (5-Fold)...
   - Level-1 전체 재학습 & Valid 예측 중...
   - Level-2 메타 모델 학습 중...
| 2024 | 0.1620 | 0.1728 | 0.1714 | 0.1795 | 0.1502 |

📅 [시즌 2025] 검증 시작...
   - Level-1 OOF 예측 생성 중 (5-Fold)...
   - Level-1 전체 재학습 & Valid 예측 중...
   - Level-2 메타 모델 학습 중...
| 2025 | 0.1401 | 0.1456 | 0.1419 | 0.1457 | 0.1304 |
----------------------------------------------------------------------------------------------------
🎯 최종 V25 (Stacking + Context Variable) 평균 Brier Score: 0.16212
⏱️ 총 소요 시간: 157.3분
----------------------------------------------------------------------------------------------------
