/Users/swoo64/.matplotlib is not a writable directory
Matplotlib created a temporary cache directory at /var/folders/5r/gp1130xx2t5fbxbgt43xtp_m0000gn/T/matplotlib-zctp3ssf because there was an issue with the default path (/Users/swoo64/.matplotlib); it is highly recommended to set the MPLCONFIGDIR environment variable to a writable directory, in particular to speed up the import of Matplotlib and to better support multiprocessing.

🔥 V50: V43 Baseline + Test-Time Augmentation (TTA)

🚀 Starting V50 Evaluation (TTA Inference)...
| Year | Men's Brier | Women's Brier | Total Weighted Brier |
  [Year 2012] Training & TTA Inference... Done! ✅ -> M: 0.1393 | W: 0.1020 | Total: 0.1215
  [Year 2013] Training & TTA Inference... Done! ✅ -> M: 0.1735 | W: 0.1108 | Total: 0.1431
  [Year 2014] Training & TTA Inference... Done! ✅ -> M: 0.1671 | W: 0.0921 | Total: 0.1307
  [Year 2015] Training & TTA Inference... Done! ✅ -> M: 0.1453 | W: 0.0892 | Total: 0.1181
  [Year 2016] Training & TTA Inference... Done! ✅ -> M: 0.1647 | W: 0.1132 | Total: 0.1403
  [Year 2017] Training & TTA Inference... Done! ✅ -> M: 0.1367 | W: 0.1044 | Total: 0.1211
  [Year 2018] Training & TTA Inference... Done! ✅ -> M: 0.1619 | W: 0.1226 | Total: 0.1429
  [Year 2019] Training & TTA Inference... Done! ✅ -> M: 0.1243 | W: 0.1203 | Total: 0.1223
  [Year 2021] Training & TTA Inference... Done! ✅ -> M: 0.1612 | W: 0.1069 | Total: 0.1347
  [Year 2022] Training & TTA Inference... Done! ✅ -> M: 0.1886 | W: 0.1330 | Total: 0.1610
  [Year 2023] Training & TTA Inference... Done! ✅ -> M: 0.1836 | W: 0.1536 | Total: 0.1690
  [Year 2024] Training & TTA Inference... Done! ✅ -> M: 0.1621 | W: 0.1065 | Total: 0.1343
  [Year 2025] Training & TTA Inference... Done! ✅ -> M: 0.1292 | W: 0.0938 | Total: 0.1115
----------------------------------------------------------------------------------------------------
🎯 V50 (V43 Base + Test-Time Augmentation) 평균 Brier Score: 0.13465
⏱️ 총 소요 시간: 2.8분
----------------------------------------------------------------------------------------------------
