
🔥 V41: Expanded Data Blending Optimization (Scipy Minimize)
✅ Men's 학습 피처 개수: 41

🚀 전체 데이터 기반 동적 블렌딩 가중치 탐색 중...
| Year | Men's Brier | Women's Brier | Total Weighted Brier | [Cat, XGB, LGB, Elo] Weights |
| 2013 | M: 0.1646 | W: 0.1117 | Total: 0.1390 | M:[0.00, 1.00, 0.00, 0.00] W:[0.14, 0.00, 0.72, 0.14] |
| 2014 | M: 0.1544 | W: 0.0996 | Total: 0.1278 | M:[0.00, 0.96, 0.00, 0.04] W:[0.28, 0.33, 0.39, 0.00] |
| 2015 | M: 0.1452 | W: 0.0943 | Total: 0.1205 | M:[0.92, 0.00, 0.00, 0.08] W:[0.00, 0.00, 1.00, 0.00] |
| 2016 | M: 0.1481 | W: 0.1110 | Total: 0.1305 | M:[0.59, 0.00, 0.07, 0.34] W:[0.91, 0.09, 0.00, 0.00] |
| 2017 | M: 0.1174 | W: 0.0900 | Total: 0.1041 | M:[0.29, 0.71, 0.00, 0.00] W:[1.00, 0.00, 0.00, 0.00] |
| 2018 | M: 0.1549 | W: 0.1167 | Total: 0.1364 | M:[0.00, 1.00, 0.00, 0.00] W:[0.80, 0.00, 0.00, 0.20] |
| 2019 | M: 0.1341 | W: 0.1200 | Total: 0.1273 | M:[0.00, 1.00, 0.00, 0.00] W:[0.00, 1.00, 0.00, 0.00] |
| 2021 | M: 0.1684 | W: 0.1037 | Total: 0.1368 | M:[0.00, 0.88, 0.00, 0.12] W:[0.65, 0.00, 0.35, 0.00] |
| 2022 | M: 0.1942 | W: 0.1261 | Total: 0.1604 | M:[0.54, 0.00, 0.00, 0.46] W:[0.86, 0.00, 0.00, 0.14] |
| 2023 | M: 0.1839 | W: 0.1564 | Total: 0.1706 | M:[0.00, 0.76, 0.00, 0.24] W:[0.20, 0.22, 0.00, 0.58] |
| 2024 | M: 0.1459 | W: 0.1080 | Total: 0.1270 | M:[0.00, 0.00, 1.00, 0.00] W:[1.00, 0.00, 0.00, 0.00] |
| 2025 | M: 0.1296 | W: 0.0913 | Total: 0.1105 | M:[0.00, 0.00, 1.00, 0.00] W:[0.00, 1.00, 0.00, 0.00] |
------------------------------------------------------------------------------------------------------------------------
🎯 연속 성능 증진 V41 (Data Expansion + Blending Opt) 평균 Brier Score: 0.13258
💡 Men's 최종 황금 블렌딩 비율   : CatBoost 0.195, XGBoost 0.526, LightGBM 0.172, Elo 0.107
💡 Women's 최종 황금 블렌딩 비율 : CatBoost 0.487, XGBoost 0.220, LightGBM 0.205, Elo 0.088
⏱️ 총 소요 시간: 2.8분
------------------------------------------------------------------------------------------------------------------------
