
🔥 V29: Error Analysis Pipeline (Finding the Next Breakthrough + V28 Baseline)

🚀 분리 학습 및 오답 노트 수집 시작...
| Year | Men's Brier | Women's Brier | Total Weighted Brier |
| 2013 | M: 0.1576 | W: 0.1237 | Total: 0.1412 |
| 2014 | M: 0.1637 | W: 0.1168 | Total: 0.1410 |
| 2015 | M: 0.1491 | W: 0.0761 | Total: 0.1137 |
| 2016 | M: 0.1694 | W: 0.1138 | Total: 0.1431 |
| 2017 | M: 0.1488 | W: 0.1030 | Total: 0.1266 |
| 2018 | M: 0.1722 | W: 0.1284 | Total: 0.1510 |
| 2019 | M: 0.1420 | W: 0.1182 | Total: 0.1305 |
| 2021 | M: 0.1461 | W: 0.1049 | Total: 0.1259 |
| 2022 | M: 0.1879 | W: 0.1193 | Total: 0.1539 |
| 2023 | M: 0.1940 | W: 0.1799 | Total: 0.1872 |
| 2024 | M: 0.1823 | W: 0.1190 | Total: 0.1506 |
| 2025 | M: 0.1391 | W: 0.0885 | Total: 0.1138 |
----------------------------------------------------------------------------------------------------
🎯 최종 V29 (Baseline) 평균 Brier Score: 0.13988
⏱️ 총 소요 시간: 2.7분
----------------------------------------------------------------------------------------------------
🚨 2차 오답 노트 생성 완료: worst_predictions_v32.csv (상위 200건의 실패 사례 수집)
