/Users/swoo64/.matplotlib is not a writable directory
Matplotlib created a temporary cache directory at /var/folders/5r/gp1130xx2t5fbxbgt43xtp_m0000gn/T/matplotlib-n58gj0ls because there was an issue with the default path (/Users/swoo64/.matplotlib); it is highly recommended to set the MPLCONFIGDIR environment variable to a writable directory, in particular to speed up the import of Matplotlib and to better support multiprocessing.

🔥 V51: True Baseline (Leakage-Free Platt Scaling) + TTA

🚀 Starting V51 Evaluation...
| Year | Men's Brier | Women's Brier | Total Weighted Brier |
  [Year 2012] Training & Calibrating... Done! ✅ -> M: 0.1844 | W: 0.1219 | Total: 0.1546
  [Year 2013] Training & Calibrating... Done! ✅ -> M: 0.2359 | W: 0.1870 | Total: 0.2122
  [Year 2014] Training & Calibrating... Done! ✅ -> M: 0.2337 | W: 0.1308 | Total: 0.1838
  [Year 2015] Training & Calibrating... Done! ✅ -> M: 0.1859 | W: 0.1372 | Total: 0.1623
  [Year 2016] Training & Calibrating... Done! ✅ -> M: 0.1985 | W: 0.1866 | Total: 0.1928
  [Year 2017] Training & Calibrating... Done! ✅ -> M: 0.2191 | W: 0.1505 | Total: 0.1859
  [Year 2018] Training & Calibrating... Done! ✅ -> M: 0.2310 | W: 0.1832 | Total: 0.2078
  [Year 2019] Training & Calibrating... Done! ✅ -> M: 0.2174 | W: 0.1607 | Total: 0.1899
  [Year 2021] Training & Calibrating... Done! ✅ -> M: 0.2373 | W: 0.1689 | Total: 0.2039
  [Year 2022] Training & Calibrating... Done! ✅ -> M: 0.2892 | W: 0.1790 | Total: 0.2345
  [Year 2023] Training & Calibrating... Done! ✅ -> M: 0.2314 | W: 0.2186 | Total: 0.2252
  [Year 2024] Training & Calibrating... Done! ✅ -> M: 0.2202 | W: 0.1671 | Total: 0.1936
  [Year 2025] Training & Calibrating... Done! ✅ -> M: 0.1700 | W: 0.1245 | Total: 0.1472
----------------------------------------------------------------------------------------------------
🎯 V51 (True Baseline: Leakage-Free Platt Scaling + TTA) 평균 Brier Score: 0.19183
⏱️ 총 소요 시간: 2.9분
----------------------------------------------------------------------------------------------------
