
🔥 V44: Gender-Specific Hyperparameter Tuning (Final Sprint to 0.12)
✅ Men's 학습 피처: 36개 | Women's 학습 피처: 35개

🚀 성별 맞춤형 하이퍼파라미터 가동 중 (2012-2025)...
| Year | Men's Brier | Women's Brier | Total Weighted Brier |
| 2012 | M: 0.1491 | W: 0.0971 | Total: 0.1243 |
| 2013 | M: 0.1683 | W: 0.1059 | Total: 0.1381 |
| 2014 | M: 0.1697 | W: 0.1017 | Total: 0.1368 |
| 2015 | M: 0.1428 | W: 0.0898 | Total: 0.1171 |
| 2016 | M: 0.1578 | W: 0.1176 | Total: 0.1388 |
| 2017 | M: 0.1204 | W: 0.0817 | Total: 0.1016 |
| 2018 | M: 0.1479 | W: 0.1165 | Total: 0.1327 |
| 2019 | M: 0.1480 | W: 0.1225 | Total: 0.1357 |
| 2021 | M: 0.1659 | W: 0.1070 | Total: 0.1371 |
| 2022 | M: 0.1952 | W: 0.1274 | Total: 0.1615 |
| 2023 | M: 0.1927 | W: 0.1665 | Total: 0.1800 |
| 2024 | M: 0.1641 | W: 0.1095 | Total: 0.1368 |
| 2025 | M: 0.1335 | W: 0.0991 | Total: 0.1163 |
----------------------------------------------------------------------------------------------------
🎯 연속 성능 증진 V44 (Gender-Specific Tuned) 평균 Brier Score: 0.13514
⏱️ 총 소요 시간: 3.1분
----------------------------------------------------------------------------------------------------
