
🔥 V34: Blending Optimization (Scipy Minimize Dynamic Weights)

🚀 분리 학습 및 가중치 최적화 진행...
| Year | Men's Brier | Women's Brier | Total Weighted Brier |
| 2013 | M: 0.1680 | W: 0.1102 | Total: 0.1400 |
| 2014 | M: 0.1652 | W: 0.1122 | Total: 0.1395 |
| 2015 | M: 0.1461 | W: 0.0889 | Total: 0.1184 |
| 2016 | M: 0.1630 | W: 0.1097 | Total: 0.1377 |
| 2017 | M: 0.1432 | W: 0.0980 | Total: 0.1213 |
| 2018 | M: 0.1720 | W: 0.1207 | Total: 0.1471 |
| 2019 | M: 0.1478 | W: 0.1014 | Total: 0.1253 |
| 2021 | M: 0.1621 | W: 0.0962 | Total: 0.1299 |
| 2022 | M: 0.1844 | W: 0.1238 | Total: 0.1543 |
| 2023 | M: 0.1936 | W: 0.1602 | Total: 0.1774 |
| 2024 | M: 0.1754 | W: 0.1088 | Total: 0.1421 |
| 2025 | M: 0.1339 | W: 0.0939 | Total: 0.1139 |
----------------------------------------------------------------------------------------------------
🎯 최종 V34 (Blending Opt base) 평균 Brier Score: 0.13725
⏱️ 총 소요 시간: 2.7분
----------------------------------------------------------------------------------------------------

💡 [Scipy Minimize] 산출된 평균 최적 블렌딩 가중치
기존 하드코딩 비율: Cat(0.600) | XGB(0.200) | LGB(0.100) | Elo(0.100)
**Men's 최적 백분율**: Cat(0.412) | XGB(0.273) | LGB(0.059) | Elo(0.257)
**Women's 최적 백분율**: Cat(0.598) | XGB(0.134) | LGB(0.139) | Elo(0.129)
