
🔥 V43: Gender-Specific Feature Selection (Noise Reduction)
✅ Men's 학습 피처 개수: 36
✅ Women's 학습 피처 개수: 35

🚀 성별 특화 최적 피처 세트 가동 중 (2012-2025)...
| Year | Men's Brier | Women's Brier | Total Weighted Brier |
| 2012 | M: 0.1453 | W: 0.0948 | Total: 0.1212 |
| 2013 | M: 0.1684 | W: 0.1053 | Total: 0.1378 |
| 2014 | M: 0.1583 | W: 0.0935 | Total: 0.1269 |
| 2015 | M: 0.1366 | W: 0.0934 | Total: 0.1157 |
| 2016 | M: 0.1559 | W: 0.1058 | Total: 0.1322 |
| 2017 | M: 0.1335 | W: 0.0982 | Total: 0.1164 |
| 2018 | M: 0.1528 | W: 0.1110 | Total: 0.1326 |
| 2019 | M: 0.1295 | W: 0.1177 | Total: 0.1238 |
| 2021 | M: 0.1644 | W: 0.1084 | Total: 0.1370 |
| 2022 | M: 0.1873 | W: 0.1426 | Total: 0.1651 |
| 2023 | M: 0.1823 | W: 0.1627 | Total: 0.1728 |
| 2024 | M: 0.1598 | W: 0.1053 | Total: 0.1326 |
| 2025 | M: 0.1237 | W: 0.1029 | Total: 0.1133 |
----------------------------------------------------------------------------------------------------
🎯 연속 성능 증진 V43 (Gender-Specific Optimized) 평균 Brier Score: 0.13287
⏱️ 총 소요 시간: 3.0분
----------------------------------------------------------------------------------------------------
