
🔥 V37: Playstyle Features Injection (Ast/TO Ratio & OffRtg)
✅ Men's 학습 피처 개수: 41
✅ AstTO_Ratio_Diff (어시/턴오버 비율 격차) 주입 완료
✅ OffRtg_Diff (공격 효율 지수 격차) 주입 완료

🚀 분리 학습 진행 중... (연속 모드)
| Year | Men's Brier | Women's Brier | Total Weighted Brier |
| 2013 | M: 0.1602 | W: 0.1055 | Total: 0.1337 |
| 2014 | M: 0.1792 | W: 0.1116 | Total: 0.1465 |
| 2015 | M: 0.1417 | W: 0.0809 | Total: 0.1122 |
| 2016 | M: 0.1664 | W: 0.1097 | Total: 0.1395 |
| 2017 | M: 0.1507 | W: 0.1045 | Total: 0.1283 |
| 2018 | M: 0.1699 | W: 0.1133 | Total: 0.1425 |
| 2019 | M: 0.1454 | W: 0.1268 | Total: 0.1364 |
| 2021 | M: 0.1346 | W: 0.0983 | Total: 0.1169 |
| 2022 | M: 0.1761 | W: 0.1209 | Total: 0.1487 |
| 2023 | M: 0.2031 | W: 0.1689 | Total: 0.1865 |
| 2024 | M: 0.1662 | W: 0.1266 | Total: 0.1464 |
| 2025 | M: 0.1360 | W: 0.0861 | Total: 0.1110 |
----------------------------------------------------------------------------------------------------
🎯 연속 성능 증진 V37 (Playstyle) 평균 Brier Score: 0.13738
⏱️ 총 소요 시간: 2.8분
----------------------------------------------------------------------------------------------------
