
🔥 V42: 2012 Out-of-Distribution Validation with Golden Weights
✅ Men's 학습 피처 개수: 41

🚀 전체 년도(+2012) 대상 볼륨 학습 & 황금 가중치 로드...
| Year | Men's Brier | Women's Brier | Total Weighted Brier |
| 2012 | M: 0.1530 | W: 0.0925 | Total: 0.1241 |
| 2013 | M: 0.1727 | W: 0.1134 | Total: 0.1440 |
| 2014 | M: 0.1714 | W: 0.1020 | Total: 0.1378 |
| 2015 | M: 0.1384 | W: 0.0969 | Total: 0.1183 |
| 2016 | M: 0.1600 | W: 0.1112 | Total: 0.1368 |
| 2017 | M: 0.1239 | W: 0.0953 | Total: 0.1100 |
| 2018 | M: 0.1582 | W: 0.1139 | Total: 0.1368 |
| 2019 | M: 0.1361 | W: 0.1238 | Total: 0.1301 |
| 2021 | M: 0.1617 | W: 0.1087 | Total: 0.1358 |
| 2022 | M: 0.1797 | W: 0.1272 | Total: 0.1536 |
| 2023 | M: 0.1847 | W: 0.1609 | Total: 0.1732 |
| 2024 | M: 0.1702 | W: 0.1058 | Total: 0.1380 |
| 2025 | M: 0.1241 | W: 0.0903 | Total: 0.1072 |
----------------------------------------------------------------------------------------------------
🎯 연속 성능 증진 V42 (2012 OOD Validation) 평균 Brier Score: 0.13429
⏱️ 총 소요 시간: 3.0분
----------------------------------------------------------------------------------------------------
