
🔥 V29: Error Analysis Pipeline (Finding the Next Breakthrough + V28 Baseline)

🚀 분리 학습 및 오답 노트 수집 시작...
| Year | Men's Brier | Women's Brier | Total Weighted Brier |
| 2013 | M: 0.1563 | W: 0.1259 | Total: 0.1415 |
| 2014 | M: 0.1701 | W: 0.1143 | Total: 0.1431 |
| 2015 | M: 0.1583 | W: 0.0866 | Total: 0.1235 |
| 2016 | M: 0.1680 | W: 0.1123 | Total: 0.1416 |
| 2017 | M: 0.1448 | W: 0.0995 | Total: 0.1228 |
| 2018 | M: 0.1671 | W: 0.1213 | Total: 0.1449 |
| 2019 | M: 0.1498 | W: 0.1146 | Total: 0.1327 |
| 2021 | M: 0.1438 | W: 0.1045 | Total: 0.1246 |
| 2022 | M: 0.1918 | W: 0.1243 | Total: 0.1583 |
| 2023 | M: 0.1960 | W: 0.1657 | Total: 0.1813 |
| 2024 | M: 0.1726 | W: 0.1175 | Total: 0.1451 |
| 2025 | M: 0.1354 | W: 0.0883 | Total: 0.1119 |
----------------------------------------------------------------------------------------------------
🎯 최종 V29 (Baseline) 평균 Brier Score: 0.13928
⏱️ 총 소요 시간: 2.7분
----------------------------------------------------------------------------------------------------
🚨 오답 노트 생성 완료: worst_predictions_v29.csv (상위 100건의 처참한 실패 사례 수집)
