--- Men's Feature Importance ---
SRS_Diff                            0.143675
Elo_x_SRS_Diff                      0.050192
SeedWinProb                         0.037854
Non_Conf_SOS_Diff                   0.032313
Home_Lat_Diff                       0.031320
Home_Lon_Diff                       0.029524
Past_Tourney_eFG%_Diff              0.027598
WinRate_x_Pyth_Diff                 0.026216
Pyth_Expected_Diff                  0.025817
Score_Std_Diff                      0.025633
Games_Diff                          0.025400
Major_Conf_WinRate_Diff             0.025327
Score_Max_Diff                      0.024672
Close_Game_WinRate_Diff             0.024323
EloWinProb                          0.023513
Rank_Trend_Slope_Diff               0.023261
Tournament_DNA_Risk                 0.022598
Blowout_Wins_Count_Diff             0.022448
Possessions_Diff                    0.021507
AstTO_Ratio_Diff                    0.021469
Last30_WinRate_Diff                 0.021230
DR_Diff                             0.020431
OffRtg_Diff                         0.019344
Last14_Margin_Diff                  0.018978
Coach_Tenure_Diff                   0.018906
Momentum_Upset_Risk                 0.018845
Upset_Value_Diff                    0.017979
Stl_Diff                            0.017100
LateSeason_Travel_Fatigue_Diff      0.016936
WinRate_vs_Top50_Diff               0.016587
Past_Tourney_TOV%_Diff              0.016468
MasMean_Diff                        0.016428
DefRtg_Diff                         0.016374
SeedNum_Diff                        0.016189
Blk_Diff                            0.015966
OR%_Diff                            0.015885
Tourney_Exp_Score_Diff              0.014957
3PAr_Diff                           0.013500
LateSeason_Altitude_Fatigue_Diff    0.010841
Elo_Diff                            0.008394
Is_Major_Conf_Diff                  0.004002

--- Women's Feature Importance ---
SRS_Diff                            0.219363
Elo_x_SRS_Diff                      0.061846
Home_Lat_Diff                       0.036627
Major_Conf_WinRate_Diff             0.032748
SeedWinProb                         0.031935
WinRate_x_Pyth_Diff                 0.030968
Score_Std_Diff                      0.029774
Past_Tourney_eFG%_Diff              0.029718
Pyth_Expected_Diff                  0.028825
Score_Max_Diff                      0.027257
Close_Game_WinRate_Diff             0.027244
Non_Conf_SOS_Diff                   0.026203
Home_Lon_Diff                       0.025728
EloWinProb                          0.024367
Blowout_Wins_Count_Diff             0.024185
OffRtg_Diff                         0.022553
Tourney_Exp_Score_Diff              0.022152
DefRtg_Diff                         0.021793
Tournament_DNA_Risk                 0.021781
Stl_Diff                            0.020247
DR_Diff                             0.018700
Blk_Diff                            0.018474
AstTO_Ratio_Diff                    0.016788
Past_Tourney_TOV%_Diff              0.016437
LateSeason_Travel_Fatigue_Diff      0.016239
SeedNum_Diff                        0.016161
Last14_Margin_Diff                  0.015796
3PAr_Diff                           0.015322
Possessions_Diff                    0.015322
Games_Diff                          0.015198
LateSeason_Altitude_Fatigue_Diff    0.014388
Last30_WinRate_Diff                 0.013716
Momentum_Upset_Risk                 0.013535
OR%_Diff                            0.012026
Elo_Diff                            0.011265
Is_Major_Conf_Diff                  0.005318
Rank_Trend_Slope_Diff               0.000000
Coach_Tenure_Diff                   0.000000
Upset_Value_Diff                    0.000000
WinRate_vs_Top50_Diff               0.000000
MasMean_Diff                        0.000000
