
🔥 V35: Golden Weights Blending (Continuous Improvement Pipeline)

🚀 분리 학습 및 골든 가중치 적용 평가 진행...
| Year | Men's Brier | Women's Brier | Total Weighted Brier |
| 2013 | M: 0.1615 | W: 0.1181 | Total: 0.1405 |
| 2014 | M: 0.1771 | W: 0.1098 | Total: 0.1445 |
| 2015 | M: 0.1495 | W: 0.0866 | Total: 0.1190 |
| 2016 | M: 0.1531 | W: 0.1149 | Total: 0.1350 |
| 2017 | M: 0.1488 | W: 0.1028 | Total: 0.1266 |
| 2018 | M: 0.1666 | W: 0.1246 | Total: 0.1462 |
| 2019 | M: 0.1484 | W: 0.1244 | Total: 0.1367 |
| 2021 | M: 0.1612 | W: 0.1016 | Total: 0.1321 |
| 2022 | M: 0.1781 | W: 0.1235 | Total: 0.1510 |
| 2023 | M: 0.2026 | W: 0.1679 | Total: 0.1858 |
| 2024 | M: 0.1785 | W: 0.1372 | Total: 0.1579 |
| 2025 | M: 0.1233 | W: 0.0926 | Total: 0.1080 |
----------------------------------------------------------------------------------------------------
🎯 연속 성능 증진 V35 (Golden Weights) 평균 Brier Score: 0.14027
⏱️ 총 소요 시간: 2.8분
----------------------------------------------------------------------------------------------------
🚨 오답 분석을 위한 최고난이도 200경기 추출 완료: worst_predictions_v35.csv
